
*** Running vivado
    with args -log interface.vds -m64 -product Vivado -mode batch -messageDb vivado.pb -notrace -source interface.tcl


****** Vivado v2025.2 (64-bit)
  **** SW Build 6299465 on Fri Nov 14 12:34:56 MST 2025
  **** IP Build 6300035 on Fri Nov 14 10:48:45 MST 2025
  **** SharedData Build 6298862 on Thu Nov 13 04:50:51 MST 2025
  **** Start of session at: Mon Oct  5 16:19:48 2026
    ** Copyright 1986-2022 Xilinx, Inc. All Rights Reserved.
    ** Copyright 2022-2025 Advanced Micro Devices, Inc. All Rights Reserved.

source interface.tcl -notrace
Command: synth_design -top interface -part xc7a35tcpg236-1
Starting synth_design
Attempting to get a license for feature 'Synthesis' and/or device 'xc7a35t'
INFO: [Common 17-349] Got license for feature 'Synthesis' and/or device 'xc7a35t'
INFO: [Device 21-403] Loading part xc7a35tcpg236-1
INFO: [Synth 8-7079] Multithreading enabled for synth_design using a maximum of 7 processes.
INFO: [Synth 8-7078] Launching helper process for spawning children vivado processes
INFO: [Synth 8-7075] Helper process launched with PID 44578
---------------------------------------------------------------------------------
Starting RTL Elaboration : Time (s): cpu = 00:00:02 ; elapsed = 00:00:03 . Memory (MB): peak = 2409.344 ; gain = 482.066 ; free physical = 171 ; free virtual = 14650
---------------------------------------------------------------------------------
INFO: [Synth 8-638] synthesizing module 'interface' [/home/garcia/Desktop/PSD/psd2627L1/tb_interface/interface.vhd:47]
INFO: [Synth 8-3491] module 'disp7' declared at '/home/garcia/Desktop/PSD/psd2627L1/tb_interface/disp7.vhd:9' bound to instance 'inst_disp7' of component 'disp7' [/home/garcia/Desktop/PSD/psd2627L1/tb_interface/interface.vhd:112]
INFO: [Synth 8-638] synthesizing module 'disp7' [/home/garcia/Desktop/PSD/psd2627L1/tb_interface/disp7.vhd:21]
INFO: [Synth 8-256] done synthesizing module 'disp7' (0#1) [/home/garcia/Desktop/PSD/psd2627L1/tb_interface/disp7.vhd:21]
INFO: [Synth 8-3491] module 'circuito' declared at '/home/garcia/Desktop/PSD/psd2627L1/tb_interface/circuito.vhd:4' bound to instance 'inst_circuito' of component 'circuito' [/home/garcia/Desktop/PSD/psd2627L1/tb_interface/interface.vhd:127]
INFO: [Synth 8-638] synthesizing module 'circuito' [/home/garcia/Desktop/PSD/psd2627L1/tb_interface/circuito.vhd:17]
INFO: [Synth 8-3491] module 'control_unit' declared at '/home/garcia/Desktop/PSD/psd2627L1/control/lab1.srcs/sources_1/new/control_unit.vhd:5' bound to instance 'inst_control' of component 'control_unit' [/home/garcia/Desktop/PSD/psd2627L1/tb_interface/circuito.vhd:59]
INFO: [Synth 8-638] synthesizing module 'control_unit' [/home/garcia/Desktop/PSD/psd2627L1/control/lab1.srcs/sources_1/new/control_unit.vhd:50]
INFO: [Synth 8-256] done synthesizing module 'control_unit' (0#1) [/home/garcia/Desktop/PSD/psd2627L1/control/lab1.srcs/sources_1/new/control_unit.vhd:50]
INFO: [Synth 8-3491] module 'datapath' declared at '/home/garcia/Desktop/PSD/psd2627L1/datapath/datapath.vhd:5' bound to instance 'inst_datapath' of component 'datapath' [/home/garcia/Desktop/PSD/psd2627L1/tb_interface/circuito.vhd:74]
INFO: [Synth 8-638] synthesizing module 'datapath' [/home/garcia/Desktop/PSD/psd2627L1/datapath/datapath.vhd:17]
INFO: [Synth 8-638] synthesizing module 'alu' [/home/garcia/Desktop/PSD/psd2627L1/datapath/alu.vhd:15]
	Parameter N bound to: 15 - type: integer 
WARNING: [Synth 8-614] signal 'res_sum' is read in the process but is not in the sensitivity list [/home/garcia/Desktop/PSD/psd2627L1/datapath/alu.vhd:59]
WARNING: [Synth 8-614] signal 'sum_ofl' is read in the process but is not in the sensitivity list [/home/garcia/Desktop/PSD/psd2627L1/datapath/alu.vhd:59]
WARNING: [Synth 8-614] signal 'res_mul' is read in the process but is not in the sensitivity list [/home/garcia/Desktop/PSD/psd2627L1/datapath/alu.vhd:59]
WARNING: [Synth 8-614] signal 'mul_ofl' is read in the process but is not in the sensitivity list [/home/garcia/Desktop/PSD/psd2627L1/datapath/alu.vhd:59]
WARNING: [Synth 8-614] signal 'res_or' is read in the process but is not in the sensitivity list [/home/garcia/Desktop/PSD/psd2627L1/datapath/alu.vhd:59]
WARNING: [Synth 8-614] signal 'res_shift' is read in the process but is not in the sensitivity list [/home/garcia/Desktop/PSD/psd2627L1/datapath/alu.vhd:59]
INFO: [Synth 8-256] done synthesizing module 'alu' (0#1) [/home/garcia/Desktop/PSD/psd2627L1/datapath/alu.vhd:15]
INFO: [Synth 8-256] done synthesizing module 'datapath' (0#1) [/home/garcia/Desktop/PSD/psd2627L1/datapath/datapath.vhd:17]
INFO: [Synth 8-256] done synthesizing module 'circuito' (0#1) [/home/garcia/Desktop/PSD/psd2627L1/tb_interface/circuito.vhd:17]
	Parameter DEBNC_CLOCKS bound to: 1048576 - type: integer 
	Parameter PORT_WIDTH bound to: 5 - type: integer 
INFO: [Synth 8-3491] module 'debouncer' declared at '/home/garcia/Desktop/PSD/psd2627L1/tb_interface/debouncer.vhd:42' bound to instance 'Inst_btn_debounce' of component 'debouncer' [/home/garcia/Desktop/PSD/psd2627L1/tb_interface/interface.vhd:140]
INFO: [Synth 8-638] synthesizing module 'debouncer' [/home/garcia/Desktop/PSD/psd2627L1/tb_interface/debouncer.vhd:50]
	Parameter DEBNC_CLOCKS bound to: 1048576 - type: integer 
	Parameter PORT_WIDTH bound to: 5 - type: integer 
INFO: [Synth 8-256] done synthesizing module 'debouncer' (0#1) [/home/garcia/Desktop/PSD/psd2627L1/tb_interface/debouncer.vhd:50]
INFO: [Synth 8-256] done synthesizing module 'interface' (0#1) [/home/garcia/Desktop/PSD/psd2627L1/tb_interface/interface.vhd:47]
WARNING: [Synth 8-6014] Unused sequential element btnDreg_reg was removed.  [/home/garcia/Desktop/PSD/psd2627L1/tb_interface/interface.vhd:160]
---------------------------------------------------------------------------------
Finished RTL Elaboration : Time (s): cpu = 00:00:03 ; elapsed = 00:00:04 . Memory (MB): peak = 2497.281 ; gain = 570.004 ; free physical = 268 ; free virtual = 14717
---------------------------------------------------------------------------------
---------------------------------------------------------------------------------
Start Handling Custom Attributes
---------------------------------------------------------------------------------
---------------------------------------------------------------------------------
Finished Handling Custom Attributes : Time (s): cpu = 00:00:03 ; elapsed = 00:00:04 . Memory (MB): peak = 2515.094 ; gain = 587.816 ; free physical = 267 ; free virtual = 14716
---------------------------------------------------------------------------------
---------------------------------------------------------------------------------
Finished RTL Optimization Phase 1 : Time (s): cpu = 00:00:03 ; elapsed = 00:00:04 . Memory (MB): peak = 2515.094 ; gain = 587.816 ; free physical = 267 ; free virtual = 14716
---------------------------------------------------------------------------------
Netlist sorting complete. Time (s): cpu = 00:00:00 ; elapsed = 00:00:00 . Memory (MB): peak = 2515.094 ; gain = 0.000 ; free physical = 267 ; free virtual = 14716
INFO: [Project 1-570] Preparing netlist for logic optimization

Processing XDC Constraints
Initializing timing engine
Parsing XDC File [/home/garcia/Desktop/PSD/psd2627L1/lab1/Basys3_Master.xdc]
Finished Parsing XDC File [/home/garcia/Desktop/PSD/psd2627L1/lab1/Basys3_Master.xdc]
INFO: [Project 1-236] Implementation specific constraints were found while reading constraint file [/home/garcia/Desktop/PSD/psd2627L1/lab1/Basys3_Master.xdc]. These constraints will be ignored for synthesis but will be used in implementation. Impacted constraints are listed in the file [.Xil/interface_propImpl.xdc].
Resolution: To avoid this warning, move constraints listed in [.Xil/interface_propImpl.xdc] to another XDC file and exclude this new file from synthesis with the used_in_synthesis property (File Properties dialog in GUI) and re-run elaboration/synthesis.
Completed Processing XDC Constraints

Netlist sorting complete. Time (s): cpu = 00:00:00 ; elapsed = 00:00:00 . Memory (MB): peak = 2619.832 ; gain = 0.000 ; free physical = 231 ; free virtual = 14697
INFO: [Project 1-111] Unisim Transformation Summary:
No Unisim elements were transformed.

Constraint Validation Runtime : Time (s): cpu = 00:00:00.01 ; elapsed = 00:00:00 . Memory (MB): peak = 2619.867 ; gain = 0.000 ; free physical = 231 ; free virtual = 14697
---------------------------------------------------------------------------------
Finished Constraint Validation : Time (s): cpu = 00:00:08 ; elapsed = 00:00:08 . Memory (MB): peak = 2619.867 ; gain = 692.590 ; free physical = 198 ; free virtual = 14730
---------------------------------------------------------------------------------
---------------------------------------------------------------------------------
Start Loading Part and Timing Information
---------------------------------------------------------------------------------
Loading part: xc7a35tcpg236-1
---------------------------------------------------------------------------------
Finished Loading Part and Timing Information : Time (s): cpu = 00:00:08 ; elapsed = 00:00:08 . Memory (MB): peak = 2627.836 ; gain = 700.559 ; free physical = 198 ; free virtual = 14730
---------------------------------------------------------------------------------
---------------------------------------------------------------------------------
Start Applying 'set_property' XDC Constraints
---------------------------------------------------------------------------------
---------------------------------------------------------------------------------
Finished applying 'set_property' XDC Constraints : Time (s): cpu = 00:00:08 ; elapsed = 00:00:08 . Memory (MB): peak = 2627.836 ; gain = 700.559 ; free physical = 198 ; free virtual = 14730
---------------------------------------------------------------------------------
INFO: [Synth 8-802] inferred FSM for state register 'STATE_reg' in module 'control_unit'
---------------------------------------------------------------------------------------------------
                   State |                     New Encoding |                Previous Encoding 
---------------------------------------------------------------------------------------------------
                 iSTATE4 |                           100000 |                              000
*
                 iSTATE3 |                           000010 |                              001
                 iSTATE2 |                           000100 |                              010
                 iSTATE1 |                           001000 |                              011
                 iSTATE0 |                           010000 |                              100
                  iSTATE |                           000001 |                              101
---------------------------------------------------------------------------------------------------
INFO: [Synth 8-3354] encoded FSM with state register 'STATE_reg' using encoding 'one-hot' in module 'control_unit'
---------------------------------------------------------------------------------
Finished RTL Optimization Phase 2 : Time (s): cpu = 00:00:08 ; elapsed = 00:00:08 . Memory (MB): peak = 2627.836 ; gain = 700.559 ; free physical = 197 ; free virtual = 14736
---------------------------------------------------------------------------------
---------------------------------------------------------------------------------
Start RTL Component Statistics 
---------------------------------------------------------------------------------
Detailed RTL Component Info : 
+---Adders : 
	   2 Input   15 Bit       Adders := 1     
+---XORs : 
	   2 Input      1 Bit         XORs := 7     
+---Registers : 
	               16 Bit    Registers := 1     
	               15 Bit    Registers := 2     
	                5 Bit    Registers := 1     
	                2 Bit    Registers := 1     
	                1 Bit    Registers := 7     
+---Muxes : 
	   4 Input   15 Bit        Muxes := 1     
	   2 Input   15 Bit        Muxes := 2     
	   2 Input    6 Bit        Muxes := 2     
	   4 Input    6 Bit        Muxes := 1     
	   4 Input    4 Bit        Muxes := 2     
	   6 Input    2 Bit        Muxes := 1     
	   4 Input    1 Bit        Muxes := 2     
	   2 Input    1 Bit        Muxes := 9     
	   6 Input    1 Bit        Muxes := 1     
	   5 Input    1 Bit        Muxes := 2     
---------------------------------------------------------------------------------
Finished RTL Component Statistics 
---------------------------------------------------------------------------------
---------------------------------------------------------------------------------
Start Part Resource Summary
---------------------------------------------------------------------------------
Part Resources:
DSPs: 90 (col length:60)
BRAMs: 100 (col length: RAMB18 60 RAMB36 30)
---------------------------------------------------------------------------------
Finished Part Resource Summary
---------------------------------------------------------------------------------
---------------------------------------------------------------------------------
Start Cross Boundary and Area Optimization
---------------------------------------------------------------------------------
DSP Report: Generating DSP inst_circuito/inst_datapath/alu15/res_mul, operation Mode is: A2*B.
DSP Report: register inst_circuito/inst_datapath/REG1_reg is absorbed into DSP inst_circuito/inst_datapath/alu15/res_mul.
DSP Report: operator inst_circuito/inst_datapath/alu15/res_mul is absorbed into DSP inst_circuito/inst_datapath/alu15/res_mul.
---------------------------------------------------------------------------------
Finished Cross Boundary and Area Optimization : Time (s): cpu = 00:00:09 ; elapsed = 00:00:09 . Memory (MB): peak = 2627.836 ; gain = 700.559 ; free physical = 361 ; free virtual = 14856
---------------------------------------------------------------------------------
 Sort Area is  inst_circuito/inst_datapath/alu15/res_mul_0 : 0 0 : 1726 1726 : Used 1 time 0
---------------------------------------------------------------------------------
Start ROM, RAM, DSP, Shift Register and Retiming Reporting
---------------------------------------------------------------------------------

DSP: Preliminary Mapping Report (see note below. The ' indicates corresponding REG is set)
+------------+-------------+--------+--------+--------+--------+--------+------+------+------+------+-------+------+------+
|Module Name | DSP Mapping | A Size | B Size | C Size | D Size | P Size | AREG | BREG | CREG | DREG | ADREG | MREG | PREG | 
+------------+-------------+--------+--------+--------+--------+--------+------+------+------+------+-------+------+------+
|interface   | A2*B        | 15     | 15     | -      | -      | 30     | 1    | 0    | -    | -    | -     | 0    | 0    | 
+------------+-------------+--------+--------+--------+--------+--------+------+------+------+------+-------+------+------+

Note: The table above is a preliminary report that shows the DSPs inferred at the current stage of the synthesis flow. Some DSP may be reimplemented as non DSP primitives later in the synthesis flow. Multiple instantiated DSPs are reported only once.
---------------------------------------------------------------------------------
Finished ROM, RAM, DSP, Shift Register and Retiming Reporting
---------------------------------------------------------------------------------
---------------------------------------------------------------------------------
Start Applying XDC Timing Constraints
---------------------------------------------------------------------------------
---------------------------------------------------------------------------------
Finished Applying XDC Timing Constraints : Time (s): cpu = 00:00:12 ; elapsed = 00:00:13 . Memory (MB): peak = 2722.836 ; gain = 795.559 ; free physical = 180 ; free virtual = 14748
---------------------------------------------------------------------------------
---------------------------------------------------------------------------------
Start Timing Optimization
---------------------------------------------------------------------------------
---------------------------------------------------------------------------------
Finished Timing Optimization : Time (s): cpu = 00:00:13 ; elapsed = 00:00:13 . Memory (MB): peak = 2759.883 ; gain = 832.605 ; free physical = 210 ; free virtual = 14747
---------------------------------------------------------------------------------
---------------------------------------------------------------------------------
Start Technology Mapping
---------------------------------------------------------------------------------
---------------------------------------------------------------------------------
Finished Technology Mapping : Time (s): cpu = 00:00:13 ; elapsed = 00:00:13 . Memory (MB): peak = 2759.883 ; gain = 832.605 ; free physical = 207 ; free virtual = 14745
---------------------------------------------------------------------------------
---------------------------------------------------------------------------------
Start IO Insertion
---------------------------------------------------------------------------------
---------------------------------------------------------------------------------
Start Flattening Before IO Insertion
---------------------------------------------------------------------------------
---------------------------------------------------------------------------------
Finished Flattening Before IO Insertion
---------------------------------------------------------------------------------
---------------------------------------------------------------------------------
Start Final Netlist Cleanup
---------------------------------------------------------------------------------
---------------------------------------------------------------------------------
Finished Final Netlist Cleanup
---------------------------------------------------------------------------------
---------------------------------------------------------------------------------
Finished IO Insertion : Time (s): cpu = 00:00:15 ; elapsed = 00:00:16 . Memory (MB): peak = 2925.695 ; gain = 998.418 ; free physical = 273 ; free virtual = 14746
---------------------------------------------------------------------------------
---------------------------------------------------------------------------------
Start Renaming Generated Instances
---------------------------------------------------------------------------------
---------------------------------------------------------------------------------
Finished Renaming Generated Instances : Time (s): cpu = 00:00:15 ; elapsed = 00:00:16 . Memory (MB): peak = 2925.695 ; gain = 998.418 ; free physical = 273 ; free virtual = 14746
---------------------------------------------------------------------------------
---------------------------------------------------------------------------------
Start Rebuilding User Hierarchy
---------------------------------------------------------------------------------
---------------------------------------------------------------------------------
Finished Rebuilding User Hierarchy : Time (s): cpu = 00:00:15 ; elapsed = 00:00:16 . Memory (MB): peak = 2925.695 ; gain = 998.418 ; free physical = 273 ; free virtual = 14746
---------------------------------------------------------------------------------
---------------------------------------------------------------------------------
Start Renaming Generated Ports
---------------------------------------------------------------------------------
---------------------------------------------------------------------------------
Finished Renaming Generated Ports : Time (s): cpu = 00:00:15 ; elapsed = 00:00:16 . Memory (MB): peak = 2925.695 ; gain = 998.418 ; free physical = 273 ; free virtual = 14746
---------------------------------------------------------------------------------
---------------------------------------------------------------------------------
Start Handling Custom Attributes
---------------------------------------------------------------------------------
---------------------------------------------------------------------------------
Finished Handling Custom Attributes : Time (s): cpu = 00:00:15 ; elapsed = 00:00:16 . Memory (MB): peak = 2925.695 ; gain = 998.418 ; free physical = 273 ; free virtual = 14746
---------------------------------------------------------------------------------
---------------------------------------------------------------------------------
Start Renaming Generated Nets
---------------------------------------------------------------------------------
---------------------------------------------------------------------------------
Finished Renaming Generated Nets : Time (s): cpu = 00:00:15 ; elapsed = 00:00:16 . Memory (MB): peak = 2925.695 ; gain = 998.418 ; free physical = 273 ; free virtual = 14746
---------------------------------------------------------------------------------
---------------------------------------------------------------------------------
Start Writing Synthesis Report
---------------------------------------------------------------------------------

DSP Final Report (the ' indicates corresponding REG is set)
+------------+-------------+--------+--------+--------+--------+--------+------+------+------+------+-------+------+------+
|Module Name | DSP Mapping | A Size | B Size | C Size | D Size | P Size | AREG | BREG | CREG | DREG | ADREG | MREG | PREG | 
+------------+-------------+--------+--------+--------+--------+--------+------+------+------+------+-------+------+------+
|interface   | A'*B'       | 30     | 18     | -      | -      | 30     | 1    | 1    | -    | -    | -     | 0    | 0    | 
+------------+-------------+--------+--------+--------+--------+--------+------+------+------+------+-------+------+------+


Report BlackBoxes: 
+-+--------------+----------+
| |BlackBox name |Instances |
+-+--------------+----------+
+-+--------------+----------+

Report Cell Usage: 
+------+--------+------+
|      |Cell    |Count |
+------+--------+------+
|1     |BUFG    |     1|
|2     |CARRY4  |    29|
|3     |DSP48E1 |     1|
|4     |LUT1    |     5|
|5     |LUT2    |    26|
|6     |LUT3    |    22|
|7     |LUT4    |    19|
|8     |LUT5    |    22|
|9     |LUT6    |    46|
|10    |FDRE    |   164|
|11    |FDSE    |     1|
|12    |IBUF    |    21|
|13    |OBUF    |    28|
+------+--------+------+
---------------------------------------------------------------------------------
Finished Writing Synthesis Report : Time (s): cpu = 00:00:15 ; elapsed = 00:00:16 . Memory (MB): peak = 2925.695 ; gain = 998.418 ; free physical = 273 ; free virtual = 14746
---------------------------------------------------------------------------------
Synthesis finished with 0 errors, 0 critical warnings and 0 warnings.
Synthesis Optimization Runtime : Time (s): cpu = 00:00:14 ; elapsed = 00:00:15 . Memory (MB): peak = 2925.695 ; gain = 893.645 ; free physical = 272 ; free virtual = 14745
Synthesis Optimization Complete : Time (s): cpu = 00:00:15 ; elapsed = 00:00:16 . Memory (MB): peak = 2925.703 ; gain = 998.418 ; free physical = 272 ; free virtual = 14745
INFO: [Project 1-571] Translating synthesized netlist
Netlist sorting complete. Time (s): cpu = 00:00:00.01 ; elapsed = 00:00:00.01 . Memory (MB): peak = 2925.703 ; gain = 0.000 ; free physical = 272 ; free virtual = 14745
INFO: [Netlist 29-17] Analyzing 30 Unisim elements for replacement
INFO: [Netlist 29-28] Unisim Transformation completed in 0 CPU seconds
INFO: [Project 1-570] Preparing netlist for logic optimization
INFO: [Opt 31-138] Pushed 0 inverter(s) to 0 load pin(s).
Netlist sorting complete. Time (s): cpu = 00:00:00 ; elapsed = 00:00:00 . Memory (MB): peak = 2981.723 ; gain = 0.000 ; free physical = 431 ; free virtual = 14904
INFO: [Project 1-111] Unisim Transformation Summary:
No Unisim elements were transformed.

Synth Design complete | Checksum: c1a839b7
INFO: [Common 17-83] Releasing license: Synthesis
36 Infos, 7 Warnings, 0 Critical Warnings and 0 Errors encountered.
synth_design completed successfully
synth_design: Time (s): cpu = 00:00:20 ; elapsed = 00:00:19 . Memory (MB): peak = 2981.758 ; gain = 1148.367 ; free physical = 432 ; free virtual = 14906
INFO: [Common 17-2834] synth_design peak Physical Memory [PSS] (MB): overall = 1859.678; main = 1859.678; forked = 281.903
INFO: [Common 17-2834] synth_design peak Virtual Memory [VSS] (MB): overall = 4274.520; main = 2981.727; forked = 1646.680
Write ShapeDB Complete: Time (s): cpu = 00:00:00.01 ; elapsed = 00:00:00 . Memory (MB): peak = 3005.734 ; gain = 0.000 ; free physical = 432 ; free virtual = 14905
INFO: [Common 17-1381] The checkpoint '/home/garcia/Desktop/PSD/psd2627L1/lab1/lab1.runs/synth_1/interface.dcp' has been generated.
INFO: [Vivado 12-24828] Executing command : report_utilization -file interface_utilization_synth.rpt -pb interface_utilization_synth.pb
INFO: [Common 17-206] Exiting Vivado at Mon Oct  5 16:20:10 2026...
